Archive member included to satisfy reference by file (symbol)

F:/arm/14.3 rel1/bin/../lib/gcc/arm-none-eabi/14.3.1/thumb/v7-m/nofp\libgcc.a(_arm_addsubsf3.o)
                              ./build/Debug/.obj/Core/Src/debug_monitor.o (__aeabi_i2f)
F:/arm/14.3 rel1/bin/../lib/gcc/arm-none-eabi/14.3.1/thumb/v7-m/nofp\libgcc.a(_aeabi_uldivmod.o)
                              ./build/Debug/.obj/Drivers/STM32F4xx_HAL_Driver/Src/stm32f4xx_hal_rcc.o (__aeabi_uldivmod)
F:/arm/14.3 rel1/bin/../lib/gcc/arm-none-eabi/14.3.1/thumb/v7-m/nofp\libgcc.a(_udivmoddi4.o)
                              F:/arm/14.3 rel1/bin/../lib/gcc/arm-none-eabi/14.3.1/thumb/v7-m/nofp\libgcc.a(_aeabi_uldivmod.o) (__udivmoddi4)
F:/arm/14.3 rel1/bin/../lib/gcc/arm-none-eabi/14.3.1/thumb/v7-m/nofp\libgcc.a(_dvmd_tls.o)
                              F:/arm/14.3 rel1/bin/../lib/gcc/arm-none-eabi/14.3.1/thumb/v7-m/nofp\libgcc.a(_aeabi_uldivmod.o) (__aeabi_ldiv0)
F:/arm/14.3 rel1/bin/../lib/gcc/arm-none-eabi/14.3.1/../../../../arm-none-eabi/lib/thumb/v7-m/nofp\libc_nano.a(libc_a-exit.o)
                              F:/arm/14.3 rel1/bin/../lib/gcc/arm-none-eabi/14.3.1/../../../../arm-none-eabi/lib/thumb/v7-m/nofp/crt0.o (exit)
F:/arm/14.3 rel1/bin/../lib/gcc/arm-none-eabi/14.3.1/../../../../arm-none-eabi/lib/thumb/v7-m/nofp\libc_nano.a(libc_a-findfp.o)
                              F:/arm/14.3 rel1/bin/../lib/gcc/arm-none-eabi/14.3.1/../../../../arm-none-eabi/lib/thumb/v7-m/nofp\libc_nano.a(libc_a-exit.o) (__stdio_exit_handler)
F:/arm/14.3 rel1/bin/../lib/gcc/arm-none-eabi/14.3.1/../../../../arm-none-eabi/lib/thumb/v7-m/nofp\libc_nano.a(libc_a-fwalk.o)
                              F:/arm/14.3 rel1/bin/../lib/gcc/arm-none-eabi/14.3.1/../../../../arm-none-eabi/lib/thumb/v7-m/nofp\libc_nano.a(libc_a-findfp.o) (_fwalk_sglue)
F:/arm/14.3 rel1/bin/../lib/gcc/arm-none-eabi/14.3.1/../../../../arm-none-eabi/lib/thumb/v7-m/nofp\libc_nano.a(libc_a-stdio.o)
                              F:/arm/14.3 rel1/bin/../lib/gcc/arm-none-eabi/14.3.1/../../../../arm-none-eabi/lib/thumb/v7-m/nofp\libc_nano.a(libc_a-findfp.o) (__sread)
F:/arm/14.3 rel1/bin/../lib/gcc/arm-none-eabi/14.3.1/../../../../arm-none-eabi/lib/thumb/v7-m/nofp\libc_nano.a(libc_a-memset.o)
                              F:/arm/14.3 rel1/bin/../lib/gcc/arm-none-eabi/14.3.1/../../../../arm-none-eabi/lib/thumb/v7-m/nofp/crt0.o (memset)
F:/arm/14.3 rel1/bin/../lib/gcc/arm-none-eabi/14.3.1/../../../../arm-none-eabi/lib/thumb/v7-m/nofp\libc_nano.a(libc_a-closer.o)
                              F:/arm/14.3 rel1/bin/../lib/gcc/arm-none-eabi/14.3.1/../../../../arm-none-eabi/lib/thumb/v7-m/nofp\libc_nano.a(libc_a-stdio.o) (_close_r)
F:/arm/14.3 rel1/bin/../lib/gcc/arm-none-eabi/14.3.1/../../../../arm-none-eabi/lib/thumb/v7-m/nofp\libc_nano.a(libc_a-reent.o)
                              F:/arm/14.3 rel1/bin/../lib/gcc/arm-none-eabi/14.3.1/../../../../arm-none-eabi/lib/thumb/v7-m/nofp\libc_nano.a(libc_a-closer.o) (errno)
F:/arm/14.3 rel1/bin/../lib/gcc/arm-none-eabi/14.3.1/../../../../arm-none-eabi/lib/thumb/v7-m/nofp\libc_nano.a(libc_a-impure.o)
                              F:/arm/14.3 rel1/bin/../lib/gcc/arm-none-eabi/14.3.1/../../../../arm-none-eabi/lib/thumb/v7-m/nofp\libc_nano.a(libc_a-reent.o) (_impure_ptr)
F:/arm/14.3 rel1/bin/../lib/gcc/arm-none-eabi/14.3.1/../../../../arm-none-eabi/lib/thumb/v7-m/nofp\libc_nano.a(libc_a-lseekr.o)
                              F:/arm/14.3 rel1/bin/../lib/gcc/arm-none-eabi/14.3.1/../../../../arm-none-eabi/lib/thumb/v7-m/nofp\libc_nano.a(libc_a-stdio.o) (_lseek_r)
F:/arm/14.3 rel1/bin/../lib/gcc/arm-none-eabi/14.3.1/../../../../arm-none-eabi/lib/thumb/v7-m/nofp\libc_nano.a(libc_a-readr.o)
                              F:/arm/14.3 rel1/bin/../lib/gcc/arm-none-eabi/14.3.1/../../../../arm-none-eabi/lib/thumb/v7-m/nofp\libc_nano.a(libc_a-stdio.o) (_read_r)
F:/arm/14.3 rel1/bin/../lib/gcc/arm-none-eabi/14.3.1/../../../../arm-none-eabi/lib/thumb/v7-m/nofp\libc_nano.a(libc_a-writer.o)
                              F:/arm/14.3 rel1/bin/../lib/gcc/arm-none-eabi/14.3.1/../../../../arm-none-eabi/lib/thumb/v7-m/nofp\libc_nano.a(libc_a-stdio.o) (_write_r)
F:/arm/14.3 rel1/bin/../lib/gcc/arm-none-eabi/14.3.1/../../../../arm-none-eabi/lib/thumb/v7-m/nofp\libc_nano.a(libc_a-errno.o)
                              ./build/Debug/.obj/Core/Src/syscalls.o (__errno)
F:/arm/14.3 rel1/bin/../lib/gcc/arm-none-eabi/14.3.1/../../../../arm-none-eabi/lib/thumb/v7-m/nofp\libc_nano.a(libc_a-init.o)
                              F:/arm/14.3 rel1/bin/../lib/gcc/arm-none-eabi/14.3.1/../../../../arm-none-eabi/lib/thumb/v7-m/nofp/crt0.o (__libc_init_array)
F:/arm/14.3 rel1/bin/../lib/gcc/arm-none-eabi/14.3.1/../../../../arm-none-eabi/lib/thumb/v7-m/nofp\libc_nano.a(libc_a-lock.o)
                              F:/arm/14.3 rel1/bin/../lib/gcc/arm-none-eabi/14.3.1/../../../../arm-none-eabi/lib/thumb/v7-m/nofp\libc_nano.a(libc_a-findfp.o) (__retarget_lock_init_recursive)
[...]
Memory Configuration

Name             Origin             Length             Attributes
RAM              0x20000000         0x00020000         xrw
CCMRAM           0x10000000         0x00010000         xrw
FLASH            0x08000000         0x00080000         xr
*default*        0x00000000         0xffffffff

Linker script and memory map

LOAD F:/arm/14.3 rel1/bin/../lib/gcc/arm-none-eabi/14.3.1/thumb/v7-m/nofp/crti.o
LOAD F:/arm/14.3 rel1/bin/../lib/gcc/arm-none-eabi/14.3.1/thumb/v7-m/nofp/crtbegin.o
LOAD F:/arm/14.3 rel1/bin/../lib/gcc/arm-none-eabi/14.3.1/../../../../arm-none-eabi/lib/thumb/v7-m/nofp/crt0.o
LOAD ./build/Debug/.obj/Core/Src/can.o
LOAD ./build/Debug/.obj/Core/Src/can_motor.o
LOAD ./build/Debug/.obj/Core/Src/debug_monitor.o
LOAD ./build/Debug/.obj/Core/Src/dma.o
LOAD ./build/Debug/.obj/Core/Src/gpio.o
LOAD ./build/Debug/.obj/Core/Src/main.o
LOAD ./build/Debug/.obj/Core/Src/motor_control.o
LOAD ./build/Debug/.obj/Core/Src/stm32f4xx_hal_msp.o
LOAD ./build/Debug/.obj/Core/Src/stm32f4xx_it.o
LOAD ./build/Debug/.obj/Core/Src/syscalls.o
LOAD ./build/Debug/.obj/Core/Src/sysmem.o
LOAD ./build/Debug/.obj/Core/Src/system_stm32f4xx.o
LOAD ./build/Debug/.obj/Core/Src/usart.o
LOAD ./build/Debug/.obj/Core/Src/vofa.o
LOAD ./build/Debug/.obj/Drivers/STM32F4xx_HAL_Driver/Src/stm32f4xx_hal.o
LOAD ./build/Debug/.obj/Drivers/STM32F4xx_HAL_Driver/Src/stm32f4xx_hal_can.o
LOAD ./build/Debug/.obj/Drivers/STM32F4xx_HAL_Driver/Src/stm32f4xx_hal_cortex.o
LOAD ./build/Debug/.obj/Drivers/STM32F4xx_HAL_Driver/Src/stm32f4xx_hal_dma.o
LOAD ./build/Debug/.obj/Drivers/STM32F4xx_HAL_Driver/Src/stm32f4xx_hal_dma_ex.o
LOAD ./build/Debug/.obj/Drivers/STM32F4xx_HAL_Driver/Src/stm32f4xx_hal_exti.o
LOAD ./build/Debug/.obj/Drivers/STM32F4xx_HAL_Driver/Src/stm32f4xx_hal_flash.o
LOAD ./build/Debug/.obj/Drivers/STM32F4xx_HAL_Driver/Src/stm32f4xx_hal_flash_ex.o
LOAD ./build/Debug/.obj/Drivers/STM32F4xx_HAL_Driver/Src/stm32f4xx_hal_flash_ramfunc.o
LOAD ./build/Debug/.obj/Drivers/STM32F4xx_HAL_Driver/Src/stm32f4xx_hal_gpio.o
LOAD ./build/Debug/.obj/Drivers/STM32F4xx_HAL_Driver/Src/stm32f4xx_hal_pwr.o
LOAD ./build/Debug/.obj/Drivers/STM32F4xx_HAL_Driver/Src/stm32f4xx_hal_pwr_ex.o
LOAD ./build/Debug/.obj/Drivers/STM32F4xx_HAL_Driver/Src/stm32f4xx_hal_rcc.o
LOAD ./build/Debug/.obj/Drivers/STM32F4xx_HAL_Driver/Src/stm32f4xx_hal_rcc_ex.o
LOAD ./build/Debug/.obj/Drivers/STM32F4xx_HAL_Driver/Src/stm32f4xx_hal_uart.o
LOAD ./build/Debug/.obj/startup_stm32f407xx.o
LOAD F:/arm/14.3 rel1/bin/../lib/gcc/arm-none-eabi/14.3.1/../../../../arm-none-eabi/lib/thumb/v7-m/nofp\libm.a
START GROUP
LOAD F:/arm/14.3 rel1/bin/../lib/gcc/arm-none-eabi/14.3.1/thumb/v7-m/nofp\libgcc.a
LOAD F:/arm/14.3 rel1/bin/../lib/gcc/arm-none-eabi/14.3.1/../../../../arm-none-eabi/lib/thumb/v7-m/nofp\libc_nano.a
END GROUP
START GROUP
LOAD F:/arm/14.3 rel1/bin/../lib/gcc/arm-none-eabi/14.3.1/thumb/v7-m/nofp\libgcc.a
LOAD F:/arm/14.3 rel1/bin/../lib/gcc/arm-none-eabi/14.3.1/../../../../arm-none-eabi/lib/thumb/v7-m/nofp\libc_nano.a
LOAD F:/arm/14.3 rel1/bin/../lib/gcc/arm-none-eabi/14.3.1/../../../../arm-none-eabi/lib/thumb/v7-m/nofp\libnosys.a
END GROUP
START GROUP
LOAD F:/arm/14.3 rel1/bin/../lib/gcc/arm-none-eabi/14.3.1/thumb/v7-m/nofp\libgcc.a
LOAD F:/arm/14.3 rel1/bin/../lib/gcc/arm-none-eabi/14.3.1/../../../../arm-none-eabi/lib/thumb/v7-m/nofp\libc_nano.a
LOAD F:/arm/14.3 rel1/bin/../lib/gcc/arm-none-eabi/14.3.1/../../../../arm-none-eabi/lib/thumb/v7-m/nofp\libnosys.a
END GROUP
LOAD F:/arm/14.3 rel1/bin/../lib/gcc/arm-none-eabi/14.3.1/thumb/v7-m/nofp/crtend.o
LOAD F:/arm/14.3 rel1/bin/../lib/gcc/arm-none-eabi/14.3.1/thumb/v7-m/nofp/crtn.o
                0x20020000                        _estack = (ORIGIN (RAM) + LENGTH (RAM))
                0x00000200                        _Min_Heap_Size = 0x200
                0x00000400                        _Min_Stack_Size = 0x400

.isr_vector     0x08000000      0x188
                0x08000000                        . = ALIGN (0x4)
 *(.isr_vector)
 .isr_vector    0x08000000      0x188 ./build/Debug/.obj/startup_stm32f407xx.o
                0x08000000                g_pfnVectors
                0x08000188                        . = ALIGN (0x4)

.text           0x08000188     0x2750
                0x08000188                        . = ALIGN (0x4)
 *(.text)
 .text          0x08000188      0x21c F:/arm/14.3 rel1/bin/../lib/gcc/arm-none-eabi/14.3.1/thumb/v7-m/nofp\libgcc.a(_arm_addsubsf3.o)
                0x08000188                __aeabi_frsub
                0x08000190                __subsf3
                0x08000190                __aeabi_fsub
                0x08000194                __aeabi_fadd
                0x08000194                __addsf3
                0x080002f4                __aeabi_ui2f
                0x080002f4                __floatunsisf
                0x080002fc                __aeabi_i2f
                0x080002fc                __floatsisf
                0x08000318                __aeabi_ul2f
                0x08000318                __floatundisf
                0x08000328                __aeabi_l2f
                0x08000328                __floatdisf
 .text          0x080003a4       0x30 F:/arm/14.3 rel1/bin/../lib/gcc/arm-none-eabi/14.3.1/thumb/v7-m/nofp\libgcc.a(_aeabi_uldivmod.o)
                0x080003a4                __aeabi_uldivmod
 .text          0x080003d4        0x4 F:/arm/14.3 rel1/bin/../lib/gcc/arm-none-eabi/14.3.1/thumb/v7-m/nofp\libgcc.a(_dvmd_tls.o)
                0x080003d4                __aeabi_idiv0
                0x080003d4                __aeabi_ldiv0
 *(.text*)
 .text.deregister_tm_clones
                0x080003d8       0x1c F:/arm/14.3 rel1/bin/../lib/gcc/arm-none-eabi/14.3.1/thumb/v7-m/nofp/crtbegin.o
 .text.register_tm_clones
                0x080003f4       0x24 F:/arm/14.3 rel1/bin/../lib/gcc/arm-none-eabi/14.3.1/thumb/v7-m/nofp/crtbegin.o
 .text.__do_global_dtors_aux
                0x08000418       0x28 F:/arm/14.3 rel1/bin/../lib/gcc/arm-none-eabi/14.3.1/thumb/v7-m/nofp/crtbegin.o
 .text.frame_dummy
                0x08000440       0x24 F:/arm/14.3 rel1/bin/../lib/gcc/arm-none-eabi/14.3.1/thumb/v7-m/nofp/crtbegin.o
 .text.MX_CAN1_Init
                0x08000464       0x44 ./build/Debug/.obj/Core/Src/can.o
                0x08000464                MX_CAN1_Init
 .text.HAL_CAN_MspInit
                0x080004a8       0xb0 ./build/Debug/.obj/Core/Src/can.o
                0x080004a8                HAL_CAN_MspInit
 .text.CAN_Motor_StartReceive
                0x08000558       0x18 ./build/Debug/.obj/Core/Src/can_motor.o
                0x08000558                CAN_Motor_StartReceive
 .text.CAN_Motor_Init
                0x08000570       0x74 ./build/Debug/.obj/Core/Src/can_motor.o
                0x08000570                CAN_Motor_Init
 .text.CAN_Motor_SendCurrent
                0x080005e4       0x9c ./build/Debug/.obj/Core/Src/can_motor.o
                0x080005e4                CAN_Motor_SendCurrent
 .text.CAN_Motor_ProcessFeedback
                0x08000680       0xb0 ./build/Debug/.obj/Core/Src/can_motor.o
                0x08000680                CAN_Motor_ProcessFeedback
 .text.CAN_Motor_UpdateOnlineStatus
                0x08000730       0x38 ./build/Debug/.obj/Core/Src/can_motor.o
                0x08000730                CAN_Motor_UpdateOnlineStatus
 .text.HAL_CAN_RxFifo0MsgPendingCallback
                0x08000768       0x30 ./build/Debug/.obj/Core/Src/can_motor.o
                0x08000768                HAL_CAN_RxFifo0MsgPendingCallback
 .text.Debug_Monitor_Init
                0x08000798        0xc ./build/Debug/.obj/Core/Src/debug_monitor.o
                0x08000798                Debug_Monitor_Init
 .text.Debug_Monitor_Update
                0x080007a4       0x64 ./build/Debug/.obj/Core/Src/debug_monitor.o
                0x080007a4                Debug_Monitor_Update
 .text.MX_DMA_Init
                0x08000808       0x34 ./build/Debug/.obj/Core/Src/dma.o
                0x08000808                MX_DMA_Init
 .text.MX_GPIO_Init
                0x0800083c       0x38 ./build/Debug/.obj/Core/Src/gpio.o
                0x0800083c                MX_GPIO_Init
 .text.Error_Handler
                0x08000874        0x4 ./build/Debug/.obj/Core/Src/main.o
                0x08000874                Error_Handler
 .text.SystemClock_Config
                0x08000878       0xa4 ./build/Debug/.obj/Core/Src/main.o
                0x08000878                SystemClock_Config
 .text.main     0x0800091c       0x58 ./build/Debug/.obj/Core/Src/main.o
                0x0800091c                main
 .text.Motor_Control_Update
                0x08000974       0x8c ./build/Debug/.obj/Core/Src/motor_control.o
                0x08000974                Motor_Control_Update
 .text.HAL_MspInit
                0x08000a00       0x38 ./build/Debug/.obj/Core/Src/stm32f4xx_hal_msp.o
                0x08000a00                HAL_MspInit
 .text.NMI_Handler
                0x08000a38        0x2 ./build/Debug/.obj/Core/Src/stm32f4xx_it.o
                0x08000a38                NMI_Handler
 .text.HardFault_Handler
                0x08000a3a        0x2 ./build/Debug/.obj/Core/Src/stm32f4xx_it.o
                0x08000a3a                HardFault_Handler
 .text.MemManage_Handler
                0x08000a3c        0x2 ./build/Debug/.obj/Core/Src/stm32f4xx_it.o
                0x08000a3c                MemManage_Handler
 .text.BusFault_Handler
                0x08000a3e        0x2 ./build/Debug/.obj/Core/Src/stm32f4xx_it.o
                0x08000a3e                BusFault_Handler
 .text.UsageFault_Handler
                0x08000a40        0x2 ./build/Debug/.obj/Core/Src/stm32f4xx_it.o
                0x08000a40                UsageFault_Handler
 .text.SVC_Handler
                0x08000a42        0x2 ./build/Debug/.obj/Core/Src/stm32f4xx_it.o
                0x08000a42                SVC_Handler
 .text.DebugMon_Handler
                0x08000a44        0x2 ./build/Debug/.obj/Core/Src/stm32f4xx_it.o
                0x08000a44                DebugMon_Handler
 .text.PendSV_Handler
                0x08000a46        0x2 ./build/Debug/.obj/Core/Src/stm32f4xx_it.o
                0x08000a46                PendSV_Handler
 .text.SysTick_Handler
                0x08000a48        0x8 ./build/Debug/.obj/Core/Src/stm32f4xx_it.o
                0x08000a48                SysTick_Handler
 .text.CAN1_TX_IRQHandler
                0x08000a50       0x10 ./build/Debug/.obj/Core/Src/stm32f4xx_it.o
                0x08000a50                CAN1_TX_IRQHandler
 .text.CAN1_RX0_IRQHandler
                0x08000a60       0x10 ./build/Debug/.obj/Core/Src/stm32f4xx_it.o
                0x08000a60                CAN1_RX0_IRQHandler
 .text.CAN1_RX1_IRQHandler
                0x08000a70       0x10 ./build/Debug/.obj/Core/Src/stm32f4xx_it.o
                0x08000a70                CAN1_RX1_IRQHandler
 .text.CAN1_SCE_IRQHandler
                0x08000a80       0x10 ./build/Debug/.obj/Core/Src/stm32f4xx_it.o
                0x08000a80                CAN1_SCE_IRQHandler
 .text.DMA2_Stream7_IRQHandler
                0x08000a90       0x10 ./build/Debug/.obj/Core/Src/stm32f4xx_it.o
                0x08000a90                DMA2_Stream7_IRQHandler
 .text.SystemInit
                0x08000aa0        0x2 ./build/Debug/.obj/Core/Src/system_stm32f4xx.o
                0x08000aa0                SystemInit
 *fill*         0x08000aa2        0x2 
 .text.MX_USART1_UART_Init
                0x08000aa4       0x34 ./build/Debug/.obj/Core/Src/usart.o
                0x08000aa4                MX_USART1_UART_Init
 .text.HAL_UART_MspInit
                0x08000ad8       0xb0 ./build/Debug/.obj/Core/Src/usart.o
                0x08000ad8                HAL_UART_MspInit
 .text.VOFA_Init
                0x08000b88        0x2 ./build/Debug/.obj/Core/Src/vofa.o
                0x08000b88                VOFA_Init
 *fill*         0x08000b8a        0x2 
 .text.VOFA_Send
                0x08000b8c       0x64 ./build/Debug/.obj/Core/Src/vofa.o
                0x08000b8c                VOFA_Send
 .text.HAL_UART_TxCpltCallback
                0x08000bf0       0x1c ./build/Debug/.obj/Core/Src/vofa.o
                0x08000bf0                HAL_UART_TxCpltCallback
 .text.HAL_InitTick
                0x08000c0c       0x4c ./build/Debug/.obj/Drivers/STM32F4xx_HAL_Driver/Src/stm32f4xx_hal.o
                0x08000c0c                HAL_InitTick
 .text.HAL_Init
                0x08000c58       0x34 ./build/Debug/.obj/Drivers/STM32F4xx_HAL_Driver/Src/stm32f4xx_hal.o
                0x08000c58                HAL_Init
 .text.HAL_IncTick
                0x08000c8c       0x18 ./build/Debug/.obj/Drivers/STM32F4xx_HAL_Driver/Src/stm32f4xx_hal.o
                0x08000c8c                HAL_IncTick
 .text.HAL_GetTick
                0x08000ca4        0xc ./build/Debug/.obj/Drivers/STM32F4xx_HAL_Driver/Src/stm32f4xx_hal.o
                0x08000ca4                HAL_GetTick
 .text.HAL_Delay
                0x08000cb0       0x28 ./build/Debug/.obj/Drivers/STM32F4xx_HAL_Driver/Src/stm32f4xx_hal.o
                0x08000cb0                HAL_Delay
 .text.HAL_CAN_Init
                0x08000cd8      0x14c ./build/Debug/.obj/Drivers/STM32F4xx_HAL_Driver/Src/stm32f4xx_hal_can.o
                0x08000cd8                HAL_CAN_Init
 .text.HAL_CAN_ConfigFilter
                0x08000e24      0x13c ./build/Debug/.obj/Drivers/STM32F4xx_HAL_Driver/Src/stm32f4xx_hal_can.o
                0x08000e24                HAL_CAN_ConfigFilter
 .text.HAL_CAN_Start
                0x08000f60       0x5c ./build/Debug/.obj/Drivers/STM32F4xx_HAL_Driver/Src/stm32f4xx_hal_can.o
                0x08000f60                HAL_CAN_Start
 .text.HAL_CAN_AddTxMessage
                0x08000fbc       0xea ./build/Debug/.obj/Drivers/STM32F4xx_HAL_Driver/Src/stm32f4xx_hal_can.o
                0x08000fbc                HAL_CAN_AddTxMessage
 .text.HAL_CAN_GetRxMessage
                0x080010a6      0x16a ./build/Debug/.obj/Drivers/STM32F4xx_HAL_Driver/Src/stm32f4xx_hal_can.o
                0x080010a6                HAL_CAN_GetRxMessage
 .text.HAL_CAN_ActivateNotification
                0x08001210       0x24 ./build/Debug/.obj/Drivers/STM32F4xx_HAL_Driver/Src/stm32f4xx_hal_can.o
                0x08001210                HAL_CAN_ActivateNotification
 .text.HAL_CAN_TxMailbox0CompleteCallback
                0x08001234        0x2 ./build/Debug/.obj/Drivers/STM32F4xx_HAL_Driver/Src/stm32f4xx_hal_can.o
                0x08001234                HAL_CAN_TxMailbox0CompleteCallback
 .text.HAL_CAN_TxMailbox1CompleteCallback
                0x08001236        0x2 ./build/Debug/.obj/Drivers/STM32F4xx_HAL_Driver/Src/stm32f4xx_hal_can.o
                0x08001236                HAL_CAN_TxMailbox1CompleteCallback
 .text.HAL_CAN_TxMailbox2CompleteCallback
                0x08001238        0x2 ./build/Debug/.obj/Drivers/STM32F4xx_HAL_Driver/Src/stm32f4xx_hal_can.o
                0x08001238                HAL_CAN_TxMailbox2CompleteCallback
 .text.HAL_CAN_TxMailbox0AbortCallback
                0x0800123a        0x2 ./build/Debug/.obj/Drivers/STM32F4xx_HAL_Driver/Src/stm32f4xx_hal_can.o
                0x0800123a                HAL_CAN_TxMailbox0AbortCallback
 .text.HAL_CAN_TxMailbox1AbortCallback
                0x0800123c        0x2 ./build/Debug/.obj/Drivers/STM32F4xx_HAL_Driver/Src/stm32f4xx_hal_can.o
                0x0800123c                HAL_CAN_TxMailbox1AbortCallback
 .text.HAL_CAN_TxMailbox2AbortCallback
                0x0800123e        0x2 ./build/Debug/.obj/Drivers/STM32F4xx_HAL_Driver/Src/stm32f4xx_hal_can.o
                0x0800123e                HAL_CAN_TxMailbox2AbortCallback
 .text.HAL_CAN_RxFifo0FullCallback
                0x08001240        0x2 ./build/Debug/.obj/Drivers/STM32F4xx_HAL_Driver/Src/stm32f4xx_hal_can.o
                0x08001240                HAL_CAN_RxFifo0FullCallback
 .text.HAL_CAN_RxFifo1MsgPendingCallback
                0x08001242        0x2 ./build/Debug/.obj/Drivers/STM32F4xx_HAL_Driver/Src/stm32f4xx_hal_can.o
                0x08001242                HAL_CAN_RxFifo1MsgPendingCallback
 .text.HAL_CAN_RxFifo1FullCallback
                0x08001244        0x2 ./build/Debug/.obj/Drivers/STM32F4xx_HAL_Driver/Src/stm32f4xx_hal_can.o
                0x08001244                HAL_CAN_RxFifo1FullCallback
 .text.HAL_CAN_SleepCallback
                0x08001246        0x2 ./build/Debug/.obj/Drivers/STM32F4xx_HAL_Driver/Src/stm32f4xx_hal_can.o
                0x08001246                HAL_CAN_SleepCallback
 .text.HAL_CAN_WakeUpFromRxMsgCallback
                0x08001248        0x2 ./build/Debug/.obj/Drivers/STM32F4xx_HAL_Driver/Src/stm32f4xx_hal_can.o
                0x08001248                HAL_CAN_WakeUpFromRxMsgCallback
 .text.HAL_CAN_ErrorCallback
                0x0800124a        0x2 ./build/Debug/.obj/Drivers/STM32F4xx_HAL_Driver/Src/stm32f4xx_hal_can.o
                0x0800124a                HAL_CAN_ErrorCallback
 .text.HAL_CAN_IRQHandler
                0x0800124c      0x250 ./build/Debug/.obj/Drivers/STM32F4xx_HAL_Driver/Src/stm32f4xx_hal_can.o
                0x0800124c                HAL_CAN_IRQHandler
 .text.__NVIC_EnableIRQ
                0x0800149c       0x1c ./build/Debug/.obj/Drivers/STM32F4xx_HAL_Driver/Src/stm32f4xx_hal_cortex.o
 .text.__NVIC_SetPriority
                0x080014b8       0x28 ./build/Debug/.obj/Drivers/STM32F4xx_HAL_Driver/Src/stm32f4xx_hal_cortex.o
 .text.NVIC_EncodePriority
                0x080014e0       0x3e ./build/Debug/.obj/Drivers/STM32F4xx_HAL_Driver/Src/stm32f4xx_hal_cortex.o
 *fill*         0x0800151e        0x2 
 .text.HAL_NVIC_SetPriorityGrouping
                0x08001520       0x24 ./build/Debug/.obj/Drivers/STM32F4xx_HAL_Driver/Src/stm32f4xx_hal_cortex.o
                0x08001520                HAL_NVIC_SetPriorityGrouping
 .text.HAL_NVIC_SetPriority
                0x08001544       0x20 ./build/Debug/.obj/Drivers/STM32F4xx_HAL_Driver/Src/stm32f4xx_hal_cortex.o
                0x08001544                HAL_NVIC_SetPriority
 .text.HAL_NVIC_EnableIRQ
                0x08001564        0x8 ./build/Debug/.obj/Drivers/STM32F4xx_HAL_Driver/Src/stm32f4xx_hal_cortex.o
                0x08001564                HAL_NVIC_EnableIRQ
 .text.HAL_SYSTICK_Config
                0x0800156c       0x28 ./build/Debug/.obj/Drivers/STM32F4xx_HAL_Driver/Src/stm32f4xx_hal_cortex.o
                0x0800156c                HAL_SYSTICK_Config
 .text.DMA_SetConfig
                0x08001594       0x2c ./build/Debug/.obj/Drivers/STM32F4xx_HAL_Driver/Src/stm32f4xx_hal_dma.o
 .text.DMA_CalcBaseAndBitshift
                0x080015c0       0x38 ./build/Debug/.obj/Drivers/STM32F4xx_HAL_Driver/Src/stm32f4xx_hal_dma.o
 .text.DMA_CheckFifoParam
                0x080015f8       0x8e ./build/Debug/.obj/Drivers/STM32F4xx_HAL_Driver/Src/stm32f4xx_hal_dma.o
 *fill*         0x08001686        0x2 
 .text.HAL_DMA_Init
                0x08001688       0xcc ./build/Debug/.obj/Drivers/STM32F4xx_HAL_Driver/Src/stm32f4xx_hal_dma.o
                0x08001688                HAL_DMA_Init
 .text.HAL_DMA_Start_IT
                0x08001754       0x68 ./build/Debug/.obj/Drivers/STM32F4xx_HAL_Driver/Src/stm32f4xx_hal_dma.o
                0x08001754                HAL_DMA_Start_IT
 .text.HAL_DMA_IRQHandler
                0x080017bc      0x1dc ./build/Debug/.obj/Drivers/STM32F4xx_HAL_Driver/Src/stm32f4xx_hal_dma.o
                0x080017bc                HAL_DMA_IRQHandler
 .text.HAL_GPIO_Init
                0x08001998      0x1f4 ./build/Debug/.obj/Drivers/STM32F4xx_HAL_Driver/Src/stm32f4xx_hal_gpio.o
                0x08001998                HAL_GPIO_Init
 .text.HAL_RCC_OscConfig
                0x08001b8c      0x3f8 ./build/Debug/.obj/Drivers/STM32F4xx_HAL_Driver/Src/stm32f4xx_hal_rcc.o
                0x08001b8c                HAL_RCC_OscConfig
 .text.HAL_RCC_GetSysClockFreq
                0x08001f84       0xa8 ./build/Debug/.obj/Drivers/STM32F4xx_HAL_Driver/Src/stm32f4xx_hal_rcc.o
                0x08001f84                HAL_RCC_GetSysClockFreq
 .text.HAL_RCC_ClockConfig
                0x0800202c      0x160 ./build/Debug/.obj/Drivers/STM32F4xx_HAL_Driver/Src/stm32f4xx_hal_rcc.o
                0x0800202c                HAL_RCC_ClockConfig
 .text.HAL_RCC_GetHCLKFreq
                0x0800218c        0xc ./build/Debug/.obj/Drivers/STM32F4xx_HAL_Driver/Src/stm32f4xx_hal_rcc.o
                0x0800218c                HAL_RCC_GetHCLKFreq
 .text.HAL_RCC_GetPCLK1Freq
                0x08002198       0x20 ./build/Debug/.obj/Drivers/STM32F4xx_HAL_Driver/Src/stm32f4xx_hal_rcc.o
                0x08002198                HAL_RCC_GetPCLK1Freq
 .text.HAL_RCC_GetPCLK2Freq
                0x080021b8       0x20 ./build/Debug/.obj/Drivers/STM32F4xx_HAL_Driver/Src/stm32f4xx_hal_rcc.o
                0x080021b8                HAL_RCC_GetPCLK2Freq
 .text.UART_EndTxTransfer
                0x080021d8       0x20 ./build/Debug/.obj/Drivers/STM32F4xx_HAL_Driver/Src/stm32f4xx_hal_uart.o
 .text.UART_EndRxTransfer
                0x080021f8       0x5c ./build/Debug/.obj/Drivers/STM32F4xx_HAL_Driver/Src/stm32f4xx_hal_uart.o
 .text.UART_SetConfig
                0x08002254      0x110 ./build/Debug/.obj/Drivers/STM32F4xx_HAL_Driver/Src/stm32f4xx_hal_uart.o
 .text.HAL_UART_Init
                0x08002364       0x60 ./build/Debug/.obj/Drivers/STM32F4xx_HAL_Driver/Src/stm32f4xx_hal_uart.o
                0x08002364                HAL_UART_Init
 .text.HAL_UART_Transmit_DMA
                0x080023c4       0x90 ./build/Debug/.obj/Drivers/STM32F4xx_HAL_Driver/Src/stm32f4xx_hal_uart.o
                0x080023c4                HAL_UART_Transmit_DMA
 .text.UART_DMATransmitCplt
                0x08002454       0x4c ./build/Debug/.obj/Drivers/STM32F4xx_HAL_Driver/Src/stm32f4xx_hal_uart.o
 .text.HAL_UART_TxHalfCpltCallback
                0x080024a0        0x2 ./build/Debug/.obj/Drivers/STM32F4xx_HAL_Driver/Src/stm32f4xx_hal_uart.o
                0x080024a0                HAL_UART_TxHalfCpltCallback
 .text.UART_DMATxHalfCplt
                0x080024a2        0xa ./build/Debug/.obj/Drivers/STM32F4xx_HAL_Driver/Src/stm32f4xx_hal_uart.o
 .text.HAL_UART_ErrorCallback
                0x080024ac        0x2 ./build/Debug/.obj/Drivers/STM32F4xx_HAL_Driver/Src/stm32f4xx_hal_uart.o
                0x080024ac                HAL_UART_ErrorCallback
 .text.UART_DMAError
                0x080024ae       0x54 ./build/Debug/.obj/Drivers/STM32F4xx_HAL_Driver/Src/stm32f4xx_hal_uart.o
 *fill*         0x08002502        0x2 
 .text.Reset_Handler
                0x08002504       0x50 ./build/Debug/.obj/startup_stm32f407xx.o
                0x08002504                Reset_Handler
 .text.Default_Handler
                0x08002554        0x2 ./build/Debug/.obj/startup_stm32f407xx.o
                0x08002554                RTC_Alarm_IRQHandler
                0x08002554                HASH_RNG_IRQHandler
                0x08002554                EXTI2_IRQHandler
                0x08002554                TIM8_CC_IRQHandler
                0x08002554                TIM1_CC_IRQHandler
                0x08002554                DMA2_Stream5_IRQHandler
                0x08002554                DMA1_Stream5_IRQHandler
                0x08002554                PVD_IRQHandler
                0x08002554                SDIO_IRQHandler
                0x08002554                TAMP_STAMP_IRQHandler
                0x08002554                CAN2_RX1_IRQHandler
                0x08002554                EXTI3_IRQHandler
                0x08002554                TIM8_TRG_COM_TIM14_IRQHandler
                0x08002554                TIM1_UP_TIM10_IRQHandler
                0x08002554                TIM8_UP_TIM13_IRQHandler
                0x08002554                I2C3_ER_IRQHandler
                0x08002554                EXTI0_IRQHandler
                0x08002554                I2C2_EV_IRQHandler
                0x08002554                DMA1_Stream2_IRQHandler
                0x08002554                FPU_IRQHandler
                0x08002554                OTG_HS_WKUP_IRQHandler
                0x08002554                CAN2_SCE_IRQHandler
                0x08002554                DMA2_Stream2_IRQHandler
                0x08002554                SPI1_IRQHandler
                0x08002554                TIM6_DAC_IRQHandler
                0x08002554                TIM1_BRK_TIM9_IRQHandler
                0x08002554                DCMI_IRQHandler
                0x08002554                CAN2_RX0_IRQHandler
                0x08002554                DMA2_Stream3_IRQHandler
                0x08002554                USART6_IRQHandler
                0x08002554                USART3_IRQHandler
                0x08002554                UART5_IRQHandler
                0x08002554                DMA2_Stream0_IRQHandler
                0x08002554                TIM4_IRQHandler
                0x08002554                I2C1_EV_IRQHandler
                0x08002554                DMA1_Stream6_IRQHandler
                0x08002554                DMA1_Stream1_IRQHandler
                0x08002554                UART4_IRQHandler
                0x08002554                TIM3_IRQHandler
                0x08002554                RCC_IRQHandler
                0x08002554                TIM8_BRK_TIM12_IRQHandler
                0x08002554                Default_Handler
                0x08002554                EXTI15_10_IRQHandler
                0x08002554                ADC_IRQHandler
                0x08002554                DMA1_Stream7_IRQHandler
                0x08002554                TIM7_IRQHandler
                0x08002554                CAN2_TX_IRQHandler
                0x08002554                TIM5_IRQHandler
                0x08002554                I2C3_EV_IRQHandler
                0x08002554                EXTI9_5_IRQHandler
                0x08002554                RTC_WKUP_IRQHandler
                0x08002554                ETH_WKUP_IRQHandler
                0x08002554                SPI2_IRQHandler
                0x08002554                OTG_HS_EP1_IN_IRQHandler
                0x08002554                DMA1_Stream0_IRQHandler
                0x08002554                EXTI4_IRQHandler
                0x08002554                FSMC_IRQHandler
                0x08002554                ETH_IRQHandler
                0x08002554                OTG_HS_EP1_OUT_IRQHandler
                0x08002554                WWDG_IRQHandler
                0x08002554                TIM2_IRQHandler
                0x08002554                OTG_FS_WKUP_IRQHandler
                0x08002554                TIM1_TRG_COM_TIM11_IRQHandler
                0x08002554                OTG_HS_IRQHandler
                0x08002554                EXTI1_IRQHandler
                0x08002554                USART2_IRQHandler
                0x08002554                I2C2_ER_IRQHandler
                0x08002554                DMA2_Stream1_IRQHandler
                0x08002554                FLASH_IRQHandler
                0x08002554                DMA2_Stream4_IRQHandler
                0x08002554                USART1_IRQHandler
                0x08002554                OTG_FS_IRQHandler
                0x08002554                SPI3_IRQHandler
                0x08002554                DMA1_Stream4_IRQHandler
                0x08002554                I2C1_ER_IRQHandler
                0x08002554                DMA2_Stream6_IRQHandler
                0x08002554                DMA1_Stream3_IRQHandler
 *fill*         0x08002556        0x2 
 .text.__udivmoddi4
                0x08002558      0x2f4 F:/arm/14.3 rel1/bin/../lib/gcc/arm-none-eabi/14.3.1/thumb/v7-m/nofp\libgcc.a(_udivmoddi4.o)
                0x08002558                __udivmoddi4
 .text.memset   0x0800284c       0x10 F:/arm/14.3 rel1/bin/../lib/gcc/arm-none-eabi/14.3.1/../../../../arm-none-eabi/lib/thumb/v7-m/nofp\libc_nano.a(libc_a-memset.o)
                0x0800284c                memset
 .text.__libc_init_array
                0x0800285c       0x48 F:/arm/14.3 rel1/bin/../lib/gcc/arm-none-eabi/14.3.1/../../../../arm-none-eabi/lib/thumb/v7-m/nofp\libc_nano.a(libc_a-init.o)
                0x0800285c                __libc_init_array
 .text.memcpy   0x080028a4       0x1c F:/arm/14.3 rel1/bin/../lib/gcc/arm-none-eabi/14.3.1/../../../../arm-none-eabi/lib/thumb/v7-m/nofp\libc_nano.a(libc_a-memcpy-stub.o)
                0x080028a4                memcpy
 *(.glue_7)
 .glue_7        0x080028c0        0x0 linker stubs
 *(.glue_7t)
 .glue_7t       0x080028c0        0x0 linker stubs
 *(.eh_frame)
 .eh_frame      0x080028c0        0x0 F:/arm/14.3 rel1/bin/../lib/gcc/arm-none-eabi/14.3.1/thumb/v7-m/nofp/crtbegin.o
 *(.init)
 .init          0x080028c0        0x4 F:/arm/14.3 rel1/bin/../lib/gcc/arm-none-eabi/14.3.1/thumb/v7-m/nofp/crti.o
                0x080028c0                _init
 .init          0x080028c4        0x8 F:/arm/14.3 rel1/bin/../lib/gcc/arm-none-eabi/14.3.1/thumb/v7-m/nofp/crtn.o
 *(.fini)
 .fini          0x080028cc        0x4 F:/arm/14.3 rel1/bin/../lib/gcc/arm-none-eabi/14.3.1/thumb/v7-m/nofp/crti.o
                0x080028cc                _fini
 .fini          0x080028d0        0x8 F:/arm/14.3 rel1/bin/../lib/gcc/arm-none-eabi/14.3.1/thumb/v7-m/nofp/crtn.o
                0x080028d8                        . = ALIGN (0x4)
                0x080028d8                        _etext = .

.vfp11_veneer   0x080028d8        0x0
 .vfp11_veneer  0x080028d8        0x0 linker stubs

.v4_bx          0x080028d8        0x0
 .v4_bx         0x080028d8        0x0 linker stubs

.iplt           0x080028d8        0x0
 .iplt          0x080028d8        0x0 F:/arm/14.3 rel1/bin/../lib/gcc/arm-none-eabi/14.3.1/thumb/v7-m/nofp/crtbegin.o

.rodata         0x080028d8       0x20
                0x080028d8                        . = ALIGN (0x4)
 *(.rodata)
 *(.rodata*)
 .rodata.APBPrescTable
                0x080028d8        0x8 ./build/Debug/.obj/Core/Src/system_stm32f4xx.o
                0x080028d8                APBPrescTable
 .rodata.AHBPrescTable
                0x080028e0       0x10 ./build/Debug/.obj/Core/Src/system_stm32f4xx.o
                0x080028e0                AHBPrescTable
 .rodata.flagBitshiftOffset.0
                0x080028f0        0x8 ./build/Debug/.obj/Drivers/STM32F4xx_HAL_Driver/Src/stm32f4xx_hal_dma.o
                0x080028f8                        . = ALIGN (0x4)

.ARM.extab      0x080028f8        0x0
                0x080028f8                        . = ALIGN (0x4)
 *(.ARM.extab* .gnu.linkonce.armextab.*)
                0x080028f8                        . = ALIGN (0x4)

.ARM            0x080028f8        0x8
                0x080028f8                        . = ALIGN (0x4)
                0x080028f8                        __exidx_start = .
 *(.ARM.exidx*)
 .ARM.exidx.text.__udivmoddi4
                0x080028f8        0x8 F:/arm/14.3 rel1/bin/../lib/gcc/arm-none-eabi/14.3.1/thumb/v7-m/nofp\libgcc.a(_udivmoddi4.o)
                0x08002900                        __exidx_end = .
                0x08002900                        . = ALIGN (0x4)

.preinit_array  0x08002900        0x0
                0x08002900                        . = ALIGN (0x4)
                0x08002900                        PROVIDE (__preinit_array_start = .)
 *(.preinit_array*)
                0x08002900                        PROVIDE (__preinit_array_end = .)
                0x08002900                        . = ALIGN (0x4)

.init_array     0x08002900        0x4
                0x08002900                        . = ALIGN (0x4)
                0x08002900                        PROVIDE (__init_array_start = .)
 *(SORT_BY_NAME(.init_array.*))
 *(.init_array*)
 .init_array    0x08002900        0x4 F:/arm/14.3 rel1/bin/../lib/gcc/arm-none-eabi/14.3.1/thumb/v7-m/nofp/crtbegin.o
                0x08002904                        PROVIDE (__init_array_end = .)
                0x08002904                        . = ALIGN (0x4)

.fini_array     0x08002904        0x4
                0x08002904                        . = ALIGN (0x4)
                [!provide]                        PROVIDE (__fini_array_start = .)
 *(SORT_BY_NAME(.fini_array.*))
 *(.fini_array*)
 .fini_array    0x08002904        0x4 F:/arm/14.3 rel1/bin/../lib/gcc/arm-none-eabi/14.3.1/thumb/v7-m/nofp/crtbegin.o
                [!provide]                        PROVIDE (__fini_array_end = .)
                0x08002908                        . = ALIGN (0x4)
                0x08002908                        _sidata = LOADADDR (.data)

.rel.dyn        0x08002908        0x0
 .rel.iplt      0x08002908        0x0 F:/arm/14.3 rel1/bin/../lib/gcc/arm-none-eabi/14.3.1/thumb/v7-m/nofp/crtbegin.o

.data           0x20000000       0x10 load address 0x08002908
                0x20000000                        . = ALIGN (0x4)
                0x20000000                        _sdata = .
 *(.data)
 *(.data*)
 .data.control_mode
                0x20000000        0x1 ./build/Debug/.obj/Core/Src/motor_control.o
 *fill*         0x20000001        0x3 
 .data.SystemCoreClock
                0x20000004        0x4 ./build/Debug/.obj/Core/Src/system_stm32f4xx.o
                0x20000004                SystemCoreClock
 .data.uwTickFreq
                0x20000008        0x1 ./build/Debug/.obj/Drivers/STM32F4xx_HAL_Driver/Src/stm32f4xx_hal.o
                0x20000008                uwTickFreq
 *fill*         0x20000009        0x3 
 .data.uwTickPrio
                0x2000000c        0x4 ./build/Debug/.obj/Drivers/STM32F4xx_HAL_Driver/Src/stm32f4xx_hal.o
                0x2000000c                uwTickPrio
 *(.RamFunc)
 *(.RamFunc*)
                0x20000010                        . = ALIGN (0x4)
                0x20000010                        _edata = .
                0x08002918                        _siccmram = LOADADDR (.ccmram)

.tm_clone_table
                0x20000010        0x0 load address 0x08002918
 .tm_clone_table
                0x20000010        0x0 F:/arm/14.3 rel1/bin/../lib/gcc/arm-none-eabi/14.3.1/thumb/v7-m/nofp/crtbegin.o
 .tm_clone_table
                0x20000010        0x0 F:/arm/14.3 rel1/bin/../lib/gcc/arm-none-eabi/14.3.1/thumb/v7-m/nofp/crtend.o

.igot.plt       0x20000010        0x0 load address 0x08002918
 .igot.plt      0x20000010        0x0 F:/arm/14.3 rel1/bin/../lib/gcc/arm-none-eabi/14.3.1/thumb/v7-m/nofp/crtbegin.o

.ccmram         0x10000000        0x0 load address 0x08002918
                0x10000000                        . = ALIGN (0x4)
                0x10000000                        _sccmram = .
 *(.ccmram)
 *(.ccmram*)
                0x10000000                        . = ALIGN (0x4)
                0x10000000                        _eccmram = .
                0x10000000                        . = ALIGN (0x4)

.bss            0x20000010      0x1b8
                0x20000010                        _sbss = .
                0x20000010                        __bss_start__ = _sbss
 *(.bss)
 *(.bss*)
 .bss.completed.1
                0x20000010        0x1 F:/arm/14.3 rel1/bin/../lib/gcc/arm-none-eabi/14.3.1/thumb/v7-m/nofp/crtbegin.o
 *fill*         0x20000011        0x3 
 .bss.object.0  0x20000014       0x18 F:/arm/14.3 rel1/bin/../lib/gcc/arm-none-eabi/14.3.1/thumb/v7-m/nofp/crtbegin.o
 .bss.hcan1     0x2000002c       0x28 ./build/Debug/.obj/Core/Src/can.o
                0x2000002c                hcan1
 .bss.circle_count
                0x20000054       0x10 ./build/Debug/.obj/Core/Src/can_motor.o
 .bss.last_pos_raw
                0x20000064        0x8 ./build/Debug/.obj/Core/Src/can_motor.o
 .bss.motor_data
                0x2000006c       0x60 ./build/Debug/.obj/Core/Src/can_motor.o
                0x2000006c                motor_data
 .bss.vofa_timer
                0x200000cc        0x1 ./build/Debug/.obj/Core/Src/debug_monitor.o
 *fill*         0x200000cd        0x3 
 .bss.motor_iq  0x200000d0        0x8 ./build/Debug/.obj/Core/Src/main.o
                0x200000d0                motor_iq
 .bss.hdma_usart1_tx
                0x200000d8       0x60 ./build/Debug/.obj/Core/Src/usart.o
                0x200000d8                hdma_usart1_tx
 .bss.huart1    0x20000138       0x48 ./build/Debug/.obj/Core/Src/usart.o
                0x20000138                huart1
 .bss.is_dma_busy
                0x20000180        0x1 ./build/Debug/.obj/Core/Src/vofa.o
 *fill*         0x20000181        0x3 
 .bss.vofa_tx_buf
                0x20000184       0x40 ./build/Debug/.obj/Core/Src/vofa.o
 .bss.uwTick    0x200001c4        0x4 ./build/Debug/.obj/Drivers/STM32F4xx_HAL_Driver/Src/stm32f4xx_hal.o
                0x200001c4                uwTick
 *(COMMON)
                0x200001c8                        . = ALIGN (0x4)
                0x200001c8                        _ebss = .
                0x200001c8                        __bss_end__ = _ebss

._user_heap_stack
                0x200001c8      0x600
                0x200001c8                        . = ALIGN (0x8)
                [!provide]                        PROVIDE (end = .)
                0x200001c8                        PROVIDE (_end = .)
                0x200003c8                        . = (. + _Min_Heap_Size)
 *fill*         0x200001c8      0x200 
                0x200007c8                        . = (. + _Min_Stack_Size)
 *fill*         0x200003c8      0x400 
                0x200007c8                        . = ALIGN (0x8)

/DISCARD/
 libc.a(*)
 libm.a(*)
 libgcc.a(*)
OUTPUT(./build/Debug/dji-F407VET6.elf elf32-littlearm)
LOAD linker stubs
LOAD F:/arm/14.3 rel1/bin/../lib/gcc/arm-none-eabi/14.3.1/../../../../arm-none-eabi/lib/thumb/v7-m/nofp\libc.a
LOAD F:/arm/14.3 rel1/bin/../lib/gcc/arm-none-eabi/14.3.1/../../../../arm-none-eabi/lib/thumb/v7-m/nofp\libm.a
LOAD F:/arm/14.3 rel1/bin/../lib/gcc/arm-none-eabi/14.3.1/thumb/v7-m/nofp\libgcc.a

.ARM.attributes
                0x00000000       0x2f
 .ARM.attributes
                0x00000000       0x1d F:/arm/14.3 rel1/bin/../lib/gcc/arm-none-eabi/14.3.1/thumb/v7-m/nofp/crti.o
 .ARM.attributes
                0x0000001d       0x2d F:/arm/14.3 rel1/bin/../lib/gcc/arm-none-eabi/14.3.1/thumb/v7-m/nofp/crtbegin.o
 .ARM.attributes
                0x0000004a       0x2d ./build/Debug/.obj/Core/Src/can.o
 .ARM.attributes
                0x00000077       0x2d ./build/Debug/.obj/Core/Src/can_motor.o
 .ARM.attributes
                0x000000a4       0x2d ./build/Debug/.obj/Core/Src/debug_monitor.o
 .ARM.attributes
                0x000000d1       0x2d ./build/Debug/.obj/Core/Src/dma.o
 .ARM.attributes
                0x000000fe       0x2d ./build/Debug/.obj/Core/Src/gpio.o
 .ARM.attributes
                0x0000012b       0x2d ./build/Debug/.obj/Core/Src/main.o
 .ARM.attributes
                0x00000158       0x2d ./build/Debug/.obj/Core/Src/motor_control.o
 .ARM.attributes
                0x00000185       0x2d ./build/Debug/.obj/Core/Src/stm32f4xx_hal_msp.o
 .ARM.attributes
                0x000001b2       0x2d ./build/Debug/.obj/Core/Src/stm32f4xx_it.o
 .ARM.attributes
                0x000001df       0x2d ./build/Debug/.obj/Core/Src/system_stm32f4xx.o
 .ARM.attributes
                0x0000020c       0x2d ./build/Debug/.obj/Core/Src/usart.o
 .ARM.attributes
                0x00000239       0x2d ./build/Debug/.obj/Core/Src/vofa.o
 .ARM.attributes
                0x00000266       0x2d ./build/Debug/.obj/Drivers/STM32F4xx_HAL_Driver/Src/stm32f4xx_hal.o
 .ARM.attributes
                0x00000293       0x2d ./build/Debug/.obj/Drivers/STM32F4xx_HAL_Driver/Src/stm32f4xx_hal_can.o
 .ARM.attributes
                0x000002c0       0x2d ./build/Debug/.obj/Drivers/STM32F4xx_HAL_Driver/Src/stm32f4xx_hal_cortex.o
 .ARM.attributes
                0x000002ed       0x2d ./build/Debug/.obj/Drivers/STM32F4xx_HAL_Driver/Src/stm32f4xx_hal_dma.o
 .ARM.attributes
                0x0000031a       0x2d ./build/Debug/.obj/Drivers/STM32F4xx_HAL_Driver/Src/stm32f4xx_hal_gpio.o
 .ARM.attributes
                0x00000347       0x2d ./build/Debug/.obj/Drivers/STM32F4xx_HAL_Driver/Src/stm32f4xx_hal_rcc.o
 .ARM.attributes
                0x00000374       0x2d ./build/Debug/.obj/Drivers/STM32F4xx_HAL_Driver/Src/stm32f4xx_hal_uart.o
 .ARM.attributes
                0x000003a1       0x21 ./build/Debug/.obj/startup_stm32f407xx.o
 .ARM.attributes
                0x000003c2       0x1d F:/arm/14.3 rel1/bin/../lib/gcc/arm-none-eabi/14.3.1/thumb/v7-m/nofp\libgcc.a(_arm_addsubsf3.o)
 .ARM.attributes
                0x000003df       0x1d F:/arm/14.3 rel1/bin/../lib/gcc/arm-none-eabi/14.3.1/thumb/v7-m/nofp\libgcc.a(_aeabi_uldivmod.o)
 .ARM.attributes
                0x000003fc       0x2d F:/arm/14.3 rel1/bin/../lib/gcc/arm-none-eabi/14.3.1/thumb/v7-m/nofp\libgcc.a(_udivmoddi4.o)
 .ARM.attributes
                0x00000429       0x1d F:/arm/14.3 rel1/bin/../lib/gcc/arm-none-eabi/14.3.1/thumb/v7-m/nofp\libgcc.a(_dvmd_tls.o)
 .ARM.attributes
                0x00000446       0x2d F:/arm/14.3 rel1/bin/../lib/gcc/arm-none-eabi/14.3.1/../../../../arm-none-eabi/lib/thumb/v7-m/nofp\libc_nano.a(libc_a-memset.o)
 .ARM.attributes
                0x00000473       0x2d F:/arm/14.3 rel1/bin/../lib/gcc/arm-none-eabi/14.3.1/../../../../arm-none-eabi/lib/thumb/v7-m/nofp\libc_nano.a(libc_a-init.o)
 .ARM.attributes
                0x000004a0       0x2d F:/arm/14.3 rel1/bin/../lib/gcc/arm-none-eabi/14.3.1/../../../../arm-none-eabi/lib/thumb/v7-m/nofp\libc_nano.a(libc_a-memcpy-stub.o)
 .ARM.attributes
                0x000004cd       0x2d F:/arm/14.3 rel1/bin/../lib/gcc/arm-none-eabi/14.3.1/thumb/v7-m/nofp/crtend.o
 .ARM.attributes
                0x000004fa       0x1d F:/arm/14.3 rel1/bin/../lib/gcc/arm-none-eabi/14.3.1/thumb/v7-m/nofp/crtn.o

.comment        0x00000000       0x46
 .comment       0x00000000       0x46 ./build/Debug/.obj/Core/Src/can.o
                                 0x47 (size before relaxing)
 .comment       0x00000046       0x47 ./build/Debug/.obj/Core/Src/can_motor.o
 .comment       0x00000046       0x47 ./build/Debug/.obj/Core/Src/debug_monitor.o
 .comment       0x00000046       0x47 ./build/Debug/.obj/Core/Src/dma.o
 .comment       0x00000046       0x47 ./build/Debug/.obj/Core/Src/gpio.o
 .comment       0x00000046       0x47 ./build/Debug/.obj/Core/Src/main.o
 .comment       0x00000046       0x47 ./build/Debug/.obj/Core/Src/motor_control.o
 .comment       0x00000046       0x47 ./build/Debug/.obj/Core/Src/stm32f4xx_hal_msp.o
 .comment       0x00000046       0x47 ./build/Debug/.obj/Core/Src/stm32f4xx_it.o
 .comment       0x00000046       0x47 ./build/Debug/.obj/Core/Src/system_stm32f4xx.o
 .comment       0x00000046       0x47 ./build/Debug/.obj/Core/Src/usart.o
 .comment       0x00000046       0x47 ./build/Debug/.obj/Core/Src/vofa.o
 .comment       0x00000046       0x47 ./build/Debug/.obj/Drivers/STM32F4xx_HAL_Driver/Src/stm32f4xx_hal.o
 .comment       0x00000046       0x47 ./build/Debug/.obj/Drivers/STM32F4xx_HAL_Driver/Src/stm32f4xx_hal_can.o
 .comment       0x00000046       0x47 ./build/Debug/.obj/Drivers/STM32F4xx_HAL_Driver/Src/stm32f4xx_hal_cortex.o
 .comment       0x00000046       0x47 ./build/Debug/.obj/Drivers/STM32F4xx_HAL_Driver/Src/stm32f4xx_hal_dma.o
 .comment       0x00000046       0x47 ./build/Debug/.obj/Drivers/STM32F4xx_HAL_Driver/Src/stm32f4xx_hal_gpio.o
 .comment       0x00000046       0x47 ./build/Debug/.obj/Drivers/STM32F4xx_HAL_Driver/Src/stm32f4xx_hal_rcc.o
 .comment       0x00000046       0x47 ./build/Debug/.obj/Drivers/STM32F4xx_HAL_Driver/Src/stm32f4xx_hal_uart.o

.debug_info     0x00000000     0xd60d
 .debug_info    0x00000000      0xc2d ./build/Debug/.obj/Core/Src/can.o
 .debug_info    0x00000c2d      0xb0c ./build/Debug/.obj/Core/Src/can_motor.o
 .debug_info    0x00001739      0x261 ./build/Debug/.obj/Core/Src/debug_monitor.o
 .debug_info    0x0000199a      0x4db ./build/Debug/.obj/Core/Src/dma.o
 .debug_info    0x00001e75      0x265 ./build/Debug/.obj/Core/Src/gpio.o
 .debug_info    0x000020da      0xb54 ./build/Debug/.obj/Core/Src/main.o
 .debug_info    0x00002c2e      0x259 ./build/Debug/.obj/Core/Src/motor_control.o
 .debug_info    0x00002e87      0x265 ./build/Debug/.obj/Core/Src/stm32f4xx_hal_msp.o
 .debug_info    0x000030ec      0x82e ./build/Debug/.obj/Core/Src/stm32f4xx_it.o
 .debug_info    0x0000391a      0x334 ./build/Debug/.obj/Core/Src/system_stm32f4xx.o
 .debug_info    0x00003c4e      0x9e9 ./build/Debug/.obj/Core/Src/usart.o
 .debug_info    0x00004637      0x765 ./build/Debug/.obj/Core/Src/vofa.o
 .debug_info    0x00004d9c      0x9e2 ./build/Debug/.obj/Drivers/STM32F4xx_HAL_Driver/Src/stm32f4xx_hal.o
 .debug_info    0x0000577e     0x11f4 ./build/Debug/.obj/Drivers/STM32F4xx_HAL_Driver/Src/stm32f4xx_hal_can.o
 .debug_info    0x00006972      0xff5 ./build/Debug/.obj/Drivers/STM32F4xx_HAL_Driver/Src/stm32f4xx_hal_cortex.o
 .debug_info    0x00007967      0xad9 ./build/Debug/.obj/Drivers/STM32F4xx_HAL_Driver/Src/stm32f4xx_hal_dma.o
 .debug_info    0x00008440      0x704 ./build/Debug/.obj/Drivers/STM32F4xx_HAL_Driver/Src/stm32f4xx_hal_gpio.o
 .debug_info    0x00008b44      0xa81 ./build/Debug/.obj/Drivers/STM32F4xx_HAL_Driver/Src/stm32f4xx_hal_rcc.o
 .debug_info    0x000095c5     0x4018 ./build/Debug/.obj/Drivers/STM32F4xx_HAL_Driver/Src/stm32f4xx_hal_uart.o
 .debug_info    0x0000d5dd       0x30 ./build/Debug/.obj/startup_stm32f407xx.o

.debug_abbrev   0x00000000     0x26c2
 .debug_abbrev  0x00000000      0x23d ./build/Debug/.obj/Core/Src/can.o
 .debug_abbrev  0x0000023d      0x26e ./build/Debug/.obj/Core/Src/can_motor.o
 .debug_abbrev  0x000004ab      0x122 ./build/Debug/.obj/Core/Src/debug_monitor.o
 .debug_abbrev  0x000005cd      0x12b ./build/Debug/.obj/Core/Src/dma.o
 .debug_abbrev  0x000006f8       0xd6 ./build/Debug/.obj/Core/Src/gpio.o
 .debug_abbrev  0x000007ce      0x266 ./build/Debug/.obj/Core/Src/main.o
 .debug_abbrev  0x00000a34      0x110 ./build/Debug/.obj/Core/Src/motor_control.o
 .debug_abbrev  0x00000b44       0xd6 ./build/Debug/.obj/Core/Src/stm32f4xx_hal_msp.o
 .debug_abbrev  0x00000c1a      0x1e6 ./build/Debug/.obj/Core/Src/stm32f4xx_it.o
 .debug_abbrev  0x00000e00      0x120 ./build/Debug/.obj/Core/Src/system_stm32f4xx.o
 .debug_abbrev  0x00000f20      0x222 ./build/Debug/.obj/Core/Src/usart.o
 .debug_abbrev  0x00001142      0x250 ./build/Debug/.obj/Core/Src/vofa.o
 .debug_abbrev  0x00001392      0x240 ./build/Debug/.obj/Drivers/STM32F4xx_HAL_Driver/Src/stm32f4xx_hal.o
 .debug_abbrev  0x000015d2      0x28c ./build/Debug/.obj/Drivers/STM32F4xx_HAL_Driver/Src/stm32f4xx_hal_can.o
 .debug_abbrev  0x0000185e      0x391 ./build/Debug/.obj/Drivers/STM32F4xx_HAL_Driver/Src/stm32f4xx_hal_cortex.o
 .debug_abbrev  0x00001bef      0x2c0 ./build/Debug/.obj/Drivers/STM32F4xx_HAL_Driver/Src/stm32f4xx_hal_dma.o
 .debug_abbrev  0x00001eaf      0x202 ./build/Debug/.obj/Drivers/STM32F4xx_HAL_Driver/Src/stm32f4xx_hal_gpio.o
 .debug_abbrev  0x000020b1      0x2c7 ./build/Debug/.obj/Drivers/STM32F4xx_HAL_Driver/Src/stm32f4xx_hal_rcc.o
 .debug_abbrev  0x00002378      0x326 ./build/Debug/.obj/Drivers/STM32F4xx_HAL_Driver/Src/stm32f4xx_hal_uart.o
 .debug_abbrev  0x0000269e       0x24 ./build/Debug/.obj/startup_stm32f407xx.o

.debug_loclists
                0x00000000     0x5152
 .debug_loclists
                0x00000000       0x75 ./build/Debug/.obj/Core/Src/can.o
 .debug_loclists
                0x00000075      0x1d6 ./build/Debug/.obj/Core/Src/can_motor.o
 .debug_loclists
                0x0000024b       0x38 ./build/Debug/.obj/Core/Src/motor_control.o
 .debug_loclists
                0x00000283       0x70 ./build/Debug/.obj/Core/Src/system_stm32f4xx.o
 .debug_loclists
                0x000002f3       0x5c ./build/Debug/.obj/Core/Src/usart.o
 .debug_loclists
                0x0000034f       0xeb ./build/Debug/.obj/Core/Src/vofa.o
 .debug_loclists
                0x0000043a       0xe1 ./build/Debug/.obj/Drivers/STM32F4xx_HAL_Driver/Src/stm32f4xx_hal.o
 .debug_loclists
                0x0000051b      0xa25 ./build/Debug/.obj/Drivers/STM32F4xx_HAL_Driver/Src/stm32f4xx_hal_can.o
 .debug_loclists
                0x00000f40      0x54d ./build/Debug/.obj/Drivers/STM32F4xx_HAL_Driver/Src/stm32f4xx_hal_cortex.o
 .debug_loclists
                0x0000148d      0x88a ./build/Debug/.obj/Drivers/STM32F4xx_HAL_Driver/Src/stm32f4xx_hal_dma.o
 .debug_loclists
                0x00001d17      0x386 ./build/Debug/.obj/Drivers/STM32F4xx_HAL_Driver/Src/stm32f4xx_hal_gpio.o
 .debug_loclists
                0x0000209d      0x3db ./build/Debug/.obj/Drivers/STM32F4xx_HAL_Driver/Src/stm32f4xx_hal_rcc.o
 .debug_loclists
                0x00002478     0x2cda ./build/Debug/.obj/Drivers/STM32F4xx_HAL_Driver/Src/stm32f4xx_hal_uart.o

.debug_aranges  0x00000000      0x928
 .debug_aranges
                0x00000000       0x30 ./build/Debug/.obj/Core/Src/can.o
 .debug_aranges
                0x00000030       0x48 ./build/Debug/.obj/Core/Src/can_motor.o
 .debug_aranges
                0x00000078       0x28 ./build/Debug/.obj/Core/Src/debug_monitor.o
 .debug_aranges
                0x000000a0       0x20 ./build/Debug/.obj/Core/Src/dma.o
 .debug_aranges
                0x000000c0       0x20 ./build/Debug/.obj/Core/Src/gpio.o
 .debug_aranges
                0x000000e0       0x30 ./build/Debug/.obj/Core/Src/main.o
 .debug_aranges
                0x00000110       0x28 ./build/Debug/.obj/Core/Src/motor_control.o
 .debug_aranges
                0x00000138       0x20 ./build/Debug/.obj/Core/Src/stm32f4xx_hal_msp.o
 .debug_aranges
                0x00000158       0x88 ./build/Debug/.obj/Core/Src/stm32f4xx_it.o
 .debug_aranges
                0x000001e0       0x28 ./build/Debug/.obj/Core/Src/system_stm32f4xx.o
 .debug_aranges
                0x00000208       0x30 ./build/Debug/.obj/Core/Src/usart.o
 .debug_aranges
                0x00000238       0x30 ./build/Debug/.obj/Core/Src/vofa.o
 .debug_aranges
                0x00000268       0xf0 ./build/Debug/.obj/Drivers/STM32F4xx_HAL_Driver/Src/stm32f4xx_hal.o
 .debug_aranges
                0x00000358      0x138 ./build/Debug/.obj/Drivers/STM32F4xx_HAL_Driver/Src/stm32f4xx_hal_can.o
 .debug_aranges
                0x00000490       0xf8 ./build/Debug/.obj/Drivers/STM32F4xx_HAL_Driver/Src/stm32f4xx_hal_cortex.o
 .debug_aranges
                0x00000588       0x90 ./build/Debug/.obj/Drivers/STM32F4xx_HAL_Driver/Src/stm32f4xx_hal_dma.o
 .debug_aranges
                0x00000618       0x58 ./build/Debug/.obj/Drivers/STM32F4xx_HAL_Driver/Src/stm32f4xx_hal_gpio.o
 .debug_aranges
                0x00000670       0x88 ./build/Debug/.obj/Drivers/STM32F4xx_HAL_Driver/Src/stm32f4xx_hal_rcc.o
 .debug_aranges
                0x000006f8      0x208 ./build/Debug/.obj/Drivers/STM32F4xx_HAL_Driver/Src/stm32f4xx_hal_uart.o
 .debug_aranges
                0x00000900       0x28 ./build/Debug/.obj/startup_stm32f407xx.o

.debug_rnglists
                0x00000000      0x6d9
 .debug_rnglists
                0x00000000       0x20 ./build/Debug/.obj/Core/Src/can.o
 .debug_rnglists
                0x00000020       0x3f ./build/Debug/.obj/Core/Src/can_motor.o
 .debug_rnglists
                0x0000005f       0x19 ./build/Debug/.obj/Core/Src/debug_monitor.o
 .debug_rnglists
                0x00000078       0x13 ./build/Debug/.obj/Core/Src/dma.o
 .debug_rnglists
                0x0000008b       0x13 ./build/Debug/.obj/Core/Src/gpio.o
 .debug_rnglists
                0x0000009e       0x20 ./build/Debug/.obj/Core/Src/main.o
 .debug_rnglists
                0x000000be       0x26 ./build/Debug/.obj/Core/Src/motor_control.o
 .debug_rnglists
                0x000000e4       0x13 ./build/Debug/.obj/Core/Src/stm32f4xx_hal_msp.o
 .debug_rnglists
                0x000000f7       0x61 ./build/Debug/.obj/Core/Src/stm32f4xx_it.o
 .debug_rnglists
                0x00000158       0x1a ./build/Debug/.obj/Core/Src/system_stm32f4xx.o
 .debug_rnglists
                0x00000172       0x20 ./build/Debug/.obj/Core/Src/usart.o
 .debug_rnglists
                0x00000192       0x1f ./build/Debug/.obj/Core/Src/vofa.o
 .debug_rnglists
                0x000001b1       0xaf ./build/Debug/.obj/Drivers/STM32F4xx_HAL_Driver/Src/stm32f4xx_hal.o
 .debug_rnglists
                0x00000260       0xf6 ./build/Debug/.obj/Drivers/STM32F4xx_HAL_Driver/Src/stm32f4xx_hal_can.o
 .debug_rnglists
                0x00000356       0xb5 ./build/Debug/.obj/Drivers/STM32F4xx_HAL_Driver/Src/stm32f4xx_hal_cortex.o
 .debug_rnglists
                0x0000040b       0x6c ./build/Debug/.obj/Drivers/STM32F4xx_HAL_Driver/Src/stm32f4xx_hal_dma.o
 .debug_rnglists
                0x00000477       0x3f ./build/Debug/.obj/Drivers/STM32F4xx_HAL_Driver/Src/stm32f4xx_hal_gpio.o
 .debug_rnglists
                0x000004b6       0x75 ./build/Debug/.obj/Drivers/STM32F4xx_HAL_Driver/Src/stm32f4xx_hal_rcc.o
 .debug_rnglists
                0x0000052b      0x195 ./build/Debug/.obj/Drivers/STM32F4xx_HAL_Driver/Src/stm32f4xx_hal_uart.o
 .debug_rnglists
                0x000006c0       0x19 ./build/Debug/.obj/startup_stm32f407xx.o

.debug_line     0x00000000     0x8e27
 .debug_line    0x00000000      0x2c4 ./build/Debug/.obj/Core/Src/can.o
 .debug_line    0x000002c4      0x4e0 ./build/Debug/.obj/Core/Src/can_motor.o
 .debug_line    0x000007a4      0x176 ./build/Debug/.obj/Core/Src/debug_monitor.o
 .debug_line    0x0000091a      0x141 ./build/Debug/.obj/Core/Src/dma.o
 .debug_line    0x00000a5b      0x10b ./build/Debug/.obj/Core/Src/gpio.o
 .debug_line    0x00000b66      0x34e ./build/Debug/.obj/Core/Src/main.o
 .debug_line    0x00000eb4      0x1b9 ./build/Debug/.obj/Core/Src/motor_control.o
 .debug_line    0x0000106d      0x118 ./build/Debug/.obj/Core/Src/stm32f4xx_hal_msp.o
 .debug_line    0x00001185      0x2c6 ./build/Debug/.obj/Core/Src/stm32f4xx_it.o
 .debug_line    0x0000144b      0x1df ./build/Debug/.obj/Core/Src/system_stm32f4xx.o
 .debug_line    0x0000162a      0x2f0 ./build/Debug/.obj/Core/Src/usart.o
 .debug_line    0x0000191a      0x290 ./build/Debug/.obj/Core/Src/vofa.o
 .debug_line    0x00001baa      0x529 ./build/Debug/.obj/Drivers/STM32F4xx_HAL_Driver/Src/stm32f4xx_hal.o
 .debug_line    0x000020d3     0x110e ./build/Debug/.obj/Drivers/STM32F4xx_HAL_Driver/Src/stm32f4xx_hal_can.o
 .debug_line    0x000031e1      0x7ec ./build/Debug/.obj/Drivers/STM32F4xx_HAL_Driver/Src/stm32f4xx_hal_cortex.o
 .debug_line    0x000039cd      0xdda ./build/Debug/.obj/Drivers/STM32F4xx_HAL_Driver/Src/stm32f4xx_hal_dma.o
 .debug_line    0x000047a7      0x6b7 ./build/Debug/.obj/Drivers/STM32F4xx_HAL_Driver/Src/stm32f4xx_hal_gpio.o
 .debug_line    0x00004e5e      0xb83 ./build/Debug/.obj/Drivers/STM32F4xx_HAL_Driver/Src/stm32f4xx_hal_rcc.o
 .debug_line    0x000059e1     0x33d0 ./build/Debug/.obj/Drivers/STM32F4xx_HAL_Driver/Src/stm32f4xx_hal_uart.o
 .debug_line    0x00008db1       0x76 ./build/Debug/.obj/startup_stm32f407xx.o

.debug_str      0x00000000     0x2f18
 .debug_str     0x00000000     0x2f18 ./build/Debug/.obj/Core/Src/can.o
                                0xb2c (size before relaxing)
 .debug_str     0x00002f18      0x7ac ./build/Debug/.obj/Core/Src/can_motor.o
 .debug_str     0x00002f18      0x29d ./build/Debug/.obj/Core/Src/debug_monitor.o
 .debug_str     0x00002f18      0x79c ./build/Debug/.obj/Core/Src/dma.o
 .debug_str     0x00002f18      0x27e ./build/Debug/.obj/Core/Src/gpio.o
 .debug_str     0x00002f18      0x844 ./build/Debug/.obj/Core/Src/main.o
 .debug_str     0x00002f18      0x287 ./build/Debug/.obj/Core/Src/motor_control.o
 .debug_str     0x00002f18      0x28a ./build/Debug/.obj/Core/Src/stm32f4xx_hal_msp.o
 .debug_str     0x00002f18      0x76f ./build/Debug/.obj/Core/Src/stm32f4xx_it.o
 .debug_str     0x00002f18      0x2f0 ./build/Debug/.obj/Core/Src/system_stm32f4xx.o
 .debug_str     0x00002f18      0x830 ./build/Debug/.obj/Core/Src/usart.o
 .debug_str     0x00002f18      0x6c6 ./build/Debug/.obj/Core/Src/vofa.o
 .debug_str     0x00002f18      0xb33 ./build/Debug/.obj/Drivers/STM32F4xx_HAL_Driver/Src/stm32f4xx_hal.o
 .debug_str     0x00002f18      0xa04 ./build/Debug/.obj/Drivers/STM32F4xx_HAL_Driver/Src/stm32f4xx_hal_can.o
 .debug_str     0x00002f18      0xc44 ./build/Debug/.obj/Drivers/STM32F4xx_HAL_Driver/Src/stm32f4xx_hal_cortex.o
 .debug_str     0x00002f18      0x745 ./build/Debug/.obj/Drivers/STM32F4xx_HAL_Driver/Src/stm32f4xx_hal_dma.o
 .debug_str     0x00002f18      0x4af ./build/Debug/.obj/Drivers/STM32F4xx_HAL_Driver/Src/stm32f4xx_hal_gpio.o
 .debug_str     0x00002f18      0x6d5 ./build/Debug/.obj/Drivers/STM32F4xx_HAL_Driver/Src/stm32f4xx_hal_rcc.o
 .debug_str     0x00002f18      0xd6a ./build/Debug/.obj/Drivers/STM32F4xx_HAL_Driver/Src/stm32f4xx_hal_uart.o
 .debug_str     0x00002f18       0x58 ./build/Debug/.obj/startup_stm32f407xx.o

.debug_frame    0x00000000     0x160c
 .debug_frame   0x00000000       0x60 ./build/Debug/.obj/Core/Src/can.o
 .debug_frame   0x00000060       0xb8 ./build/Debug/.obj/Core/Src/can_motor.o
 .debug_frame   0x00000118       0x48 ./build/Debug/.obj/Core/Src/debug_monitor.o
 .debug_frame   0x00000160       0x2c ./build/Debug/.obj/Core/Src/dma.o
 .debug_frame   0x0000018c       0x28 ./build/Debug/.obj/Core/Src/gpio.o
 .debug_frame   0x000001b4       0x5c ./build/Debug/.obj/Core/Src/main.o
 .debug_frame   0x00000210       0x38 ./build/Debug/.obj/Core/Src/motor_control.o
 .debug_frame   0x00000248       0x28 ./build/Debug/.obj/Core/Src/stm32f4xx_hal_msp.o
 .debug_frame   0x00000270      0x120 ./build/Debug/.obj/Core/Src/stm32f4xx_it.o
 .debug_frame   0x00000390       0x30 ./build/Debug/.obj/Core/Src/system_stm32f4xx.o
 .debug_frame   0x000003c0       0x64 ./build/Debug/.obj/Core/Src/usart.o
 .debug_frame   0x00000424       0x4c ./build/Debug/.obj/Core/Src/vofa.o
 .debug_frame   0x00000470      0x1ec ./build/Debug/.obj/Drivers/STM32F4xx_HAL_Driver/Src/stm32f4xx_hal.o
 .debug_frame   0x0000065c      0x2d4 ./build/Debug/.obj/Drivers/STM32F4xx_HAL_Driver/Src/stm32f4xx_hal_can.o
 .debug_frame   0x00000930      0x214 ./build/Debug/.obj/Drivers/STM32F4xx_HAL_Driver/Src/stm32f4xx_hal_cortex.o
 .debug_frame   0x00000b44      0x188 ./build/Debug/.obj/Drivers/STM32F4xx_HAL_Driver/Src/stm32f4xx_hal_dma.o
 .debug_frame   0x00000ccc       0xd4 ./build/Debug/.obj/Drivers/STM32F4xx_HAL_Driver/Src/stm32f4xx_hal_gpio.o
 .debug_frame   0x00000da0      0x16c ./build/Debug/.obj/Drivers/STM32F4xx_HAL_Driver/Src/stm32f4xx_hal_rcc.o
 .debug_frame   0x00000f0c      0x5e0 ./build/Debug/.obj/Drivers/STM32F4xx_HAL_Driver/Src/stm32f4xx_hal_uart.o
 .debug_frame   0x000014ec       0x4c F:/arm/14.3 rel1/bin/../lib/gcc/arm-none-eabi/14.3.1/thumb/v7-m/nofp\libgcc.a(_arm_addsubsf3.o)
 .debug_frame   0x00001538       0x2c F:/arm/14.3 rel1/bin/../lib/gcc/arm-none-eabi/14.3.1/thumb/v7-m/nofp\libgcc.a(_aeabi_uldivmod.o)
 .debug_frame   0x00001564       0x34 F:/arm/14.3 rel1/bin/../lib/gcc/arm-none-eabi/14.3.1/thumb/v7-m/nofp\libgcc.a(_udivmoddi4.o)
 .debug_frame   0x00001598       0x20 F:/arm/14.3 rel1/bin/../lib/gcc/arm-none-eabi/14.3.1/../../../../arm-none-eabi/lib/thumb/v7-m/nofp\libc_nano.a(libc_a-memset.o)
 .debug_frame   0x000015b8       0x2c F:/arm/14.3 rel1/bin/../lib/gcc/arm-none-eabi/14.3.1/../../../../arm-none-eabi/lib/thumb/v7-m/nofp\libc_nano.a(libc_a-init.o)
 .debug_frame   0x000015e4       0x28 F:/arm/14.3 rel1/bin/../lib/gcc/arm-none-eabi/14.3.1/../../../../arm-none-eabi/lib/thumb/v7-m/nofp\libc_nano.a(libc_a-memcpy-stub.o)

.debug_line_str
                0x00000000      0x11a
 .debug_line_str
                0x00000000      0x11a ./build/Debug/.obj/startup_stm32f407xx.o
                                 0x3c (size before relaxing)
 .debug_line_str
                0x0000011a       0xca F:/arm/14.3 rel1/bin/../lib/gcc/arm-none-eabi/14.3.1/thumb/v7-m/nofp\libgcc.a(_arm_addsubsf3.o)
 .debug_line_str
                0x0000011a       0xc5 F:/arm/14.3 rel1/bin/../lib/gcc/arm-none-eabi/14.3.1/thumb/v7-m/nofp\libgcc.a(_aeabi_uldivmod.o)
 .debug_line_str
                0x0000011a       0xc9 F:/arm/14.3 rel1/bin/../lib/gcc/arm-none-eabi/14.3.1/thumb/v7-m/nofp\libgcc.a(_dvmd_tls.o)
